2026-06-07 21:03:59,275 | INFO | Loaded pretrained backbone
2026-06-07 21:03:59,276 | INFO | Loaded weight checksum sample: 44.149082
2026-06-07 21:03:59,277 | INFO | parameters total=562,600 trainable=101,000 frozen=461,600 trainable_pct=17.95%
2026-06-07 21:03:59,394 | INFO | Sanity loss 1.2607
2026-06-07 21:04:00,128 | INFO | epoch=001 train_loss=1.1809 val_loss=1.0475 val_macro_f1=0.7595
2026-06-07 21:04:00,881 | INFO | epoch=002 train_loss=0.9639 val_loss=0.9367 val_macro_f1=0.7786
2026-06-07 21:04:01,630 | INFO | epoch=003 train_loss=0.8659 val_loss=0.9029 val_macro_f1=0.7912
2026-06-07 21:04:02,371 | INFO | epoch=004 train_loss=0.8252 val_loss=0.9026 val_macro_f1=0.7933
2026-06-07 21:04:03,113 | INFO | epoch=005 train_loss=0.8000 val_loss=0.9188 val_macro_f1=0.7911
2026-06-07 21:04:03,839 | INFO | epoch=006 train_loss=0.7845 val_loss=0.9085 val_macro_f1=0.7998
2026-06-07 21:04:04,573 | INFO | epoch=007 train_loss=0.7553 val_loss=0.8960 val_macro_f1=0.7961
2026-06-07 21:04:05,310 | INFO | epoch=008 train_loss=0.7555 val_loss=0.9177 val_macro_f1=0.7966
2026-06-07 21:04:06,039 | INFO | epoch=009 train_loss=0.7346 val_loss=0.9139 val_macro_f1=0.8055
2026-06-07 21:04:06,774 | INFO | epoch=010 train_loss=0.7243 val_loss=0.9104 val_macro_f1=0.8133
2026-06-07 21:04:07,511 | INFO | epoch=011 train_loss=0.7125 val_loss=0.9109 val_macro_f1=0.8159
2026-06-07 21:04:08,248 | INFO | epoch=012 train_loss=0.7107 val_loss=0.8851 val_macro_f1=0.8221
2026-06-07 21:04:08,993 | INFO | epoch=013 train_loss=0.6946 val_loss=0.8879 val_macro_f1=0.8279
2026-06-07 21:04:09,737 | INFO | epoch=014 train_loss=0.6854 val_loss=0.9057 val_macro_f1=0.8204
2026-06-07 21:04:10,468 | INFO | epoch=015 train_loss=0.6493 val_loss=0.9018 val_macro_f1=0.8283
2026-06-07 21:04:11,206 | INFO | epoch=016 train_loss=0.6612 val_loss=0.9311 val_macro_f1=0.8287
2026-06-07 21:04:11,945 | INFO | epoch=017 train_loss=0.6345 val_loss=0.9217 val_macro_f1=0.8325
2026-06-07 21:04:12,685 | INFO | epoch=018 train_loss=0.6510 val_loss=0.9215 val_macro_f1=0.8335
2026-06-07 21:04:13,422 | INFO | epoch=019 train_loss=0.6234 val_loss=0.9380 val_macro_f1=0.8231
2026-06-07 21:04:14,149 | INFO | epoch=020 train_loss=0.6257 val_loss=0.9357 val_macro_f1=0.8238
2026-06-07 21:04:14,881 | INFO | epoch=021 train_loss=0.6174 val_loss=0.9341 val_macro_f1=0.8362
2026-06-07 21:04:15,614 | INFO | epoch=022 train_loss=0.6112 val_loss=0.9376 val_macro_f1=0.8367
2026-06-07 21:04:16,354 | INFO | epoch=023 train_loss=0.6165 val_loss=0.9292 val_macro_f1=0.8361
2026-06-07 21:04:17,082 | INFO | epoch=024 train_loss=0.6144 val_loss=0.9312 val_macro_f1=0.8287
2026-06-07 21:04:17,812 | INFO | epoch=025 train_loss=0.6042 val_loss=0.9337 val_macro_f1=0.8322
