2026-06-07 21:01:31,637 | INFO | Loaded pretrained backbone
2026-06-07 21:01:31,637 | INFO | Loaded weight checksum sample: 44.149082
2026-06-07 21:01:31,638 | INFO | parameters total=562,600 trainable=498,440 frozen=64,160 trainable_pct=88.60%
2026-06-07 21:01:31,750 | INFO | Sanity loss 1.6019
2026-06-07 21:01:32,470 | INFO | epoch=001 train_loss=1.2025 val_loss=1.0860 val_macro_f1=0.7454
2026-06-07 21:01:33,226 | INFO | epoch=002 train_loss=0.9750 val_loss=0.9488 val_macro_f1=0.7788
2026-06-07 21:01:33,985 | INFO | epoch=003 train_loss=0.8777 val_loss=0.9059 val_macro_f1=0.7851
2026-06-07 21:01:34,744 | INFO | epoch=004 train_loss=0.8225 val_loss=0.9204 val_macro_f1=0.7695
2026-06-07 21:01:35,477 | INFO | epoch=005 train_loss=0.7929 val_loss=0.9183 val_macro_f1=0.7797
2026-06-07 21:01:36,208 | INFO | epoch=006 train_loss=0.7652 val_loss=0.9513 val_macro_f1=0.7826
2026-06-07 21:01:36,939 | INFO | epoch=007 train_loss=0.7593 val_loss=0.9540 val_macro_f1=0.7854
2026-06-07 21:01:37,686 | INFO | epoch=008 train_loss=0.7228 val_loss=0.9973 val_macro_f1=0.7791
2026-06-07 21:01:38,416 | INFO | epoch=009 train_loss=0.6917 val_loss=0.9823 val_macro_f1=0.7769
2026-06-07 21:01:39,143 | INFO | epoch=010 train_loss=0.6756 val_loss=1.0208 val_macro_f1=0.7840
2026-06-07 21:01:39,878 | INFO | epoch=011 train_loss=0.6836 val_loss=1.0155 val_macro_f1=0.7778
2026-06-07 21:01:40,607 | INFO | epoch=012 train_loss=0.6622 val_loss=1.0183 val_macro_f1=0.7770
2026-06-07 21:01:41,338 | INFO | epoch=013 train_loss=0.6696 val_loss=0.9991 val_macro_f1=0.7758
2026-06-07 21:01:42,071 | INFO | epoch=014 train_loss=0.6417 val_loss=1.0205 val_macro_f1=0.7778
2026-06-07 21:01:42,803 | INFO | epoch=015 train_loss=0.6256 val_loss=1.0035 val_macro_f1=0.7864
2026-06-07 21:01:43,549 | INFO | epoch=016 train_loss=0.6279 val_loss=1.0144 val_macro_f1=0.7809
2026-06-07 21:01:44,281 | INFO | epoch=017 train_loss=0.6100 val_loss=1.0237 val_macro_f1=0.7751
2026-06-07 21:01:45,014 | INFO | epoch=018 train_loss=0.6050 val_loss=1.0315 val_macro_f1=0.7862
2026-06-07 21:01:45,752 | INFO | epoch=019 train_loss=0.6279 val_loss=1.0218 val_macro_f1=0.7825
2026-06-07 21:01:46,483 | INFO | epoch=020 train_loss=0.6200 val_loss=1.0259 val_macro_f1=0.7814
2026-06-07 21:01:47,209 | INFO | epoch=021 train_loss=0.5991 val_loss=1.0225 val_macro_f1=0.7793
2026-06-07 21:01:47,944 | INFO | epoch=022 train_loss=0.6024 val_loss=1.0287 val_macro_f1=0.7870
2026-06-07 21:01:48,695 | INFO | epoch=023 train_loss=0.6049 val_loss=1.0292 val_macro_f1=0.7852
2026-06-07 21:01:49,424 | INFO | epoch=024 train_loss=0.6003 val_loss=1.0333 val_macro_f1=0.7826
2026-06-07 21:01:50,154 | INFO | epoch=025 train_loss=0.5907 val_loss=1.0410 val_macro_f1=0.7862
2026-06-07 21:01:50,889 | INFO | epoch=026 train_loss=0.5897 val_loss=1.0438 val_macro_f1=0.7862
2026-06-07 21:01:51,619 | INFO | epoch=027 train_loss=0.5909 val_loss=1.0493 val_macro_f1=0.7898
2026-06-07 21:01:52,361 | INFO | epoch=028 train_loss=0.5897 val_loss=1.0485 val_macro_f1=0.7898
2026-06-07 21:01:53,095 | INFO | epoch=029 train_loss=0.5880 val_loss=1.0546 val_macro_f1=0.7875
2026-06-07 21:01:53,827 | INFO | epoch=030 train_loss=0.5945 val_loss=1.0563 val_macro_f1=0.7875
2026-06-07 21:01:54,552 | INFO | epoch=031 train_loss=0.5701 val_loss=1.0484 val_macro_f1=0.7850
2026-06-07 21:01:55,283 | INFO | epoch=032 train_loss=0.5880 val_loss=1.0464 val_macro_f1=0.7850
2026-06-07 21:01:56,011 | INFO | epoch=033 train_loss=0.5828 val_loss=1.0495 val_macro_f1=0.7875
2026-06-07 21:01:56,739 | INFO | epoch=034 train_loss=0.5688 val_loss=1.0528 val_macro_f1=0.7875
2026-06-07 21:01:57,467 | INFO | epoch=035 train_loss=0.5824 val_loss=1.0532 val_macro_f1=0.7875
2026-06-07 21:01:58,200 | INFO | epoch=036 train_loss=0.5791 val_loss=1.0546 val_macro_f1=0.7875
2026-06-07 21:01:58,932 | INFO | epoch=037 train_loss=0.5688 val_loss=1.0600 val_macro_f1=0.7870
2026-06-07 21:01:59,659 | INFO | epoch=038 train_loss=0.5908 val_loss=1.0581 val_macro_f1=0.7844
2026-06-07 21:02:00,390 | INFO | epoch=039 train_loss=0.5674 val_loss=1.0588 val_macro_f1=0.7832
2026-06-07 21:02:01,123 | INFO | epoch=040 train_loss=0.5833 val_loss=1.0581 val_macro_f1=0.7814
2026-06-07 21:02:01,854 | INFO | epoch=041 train_loss=0.5659 val_loss=1.0573 val_macro_f1=0.7862
2026-06-07 21:02:02,585 | INFO | epoch=042 train_loss=0.5790 val_loss=1.0576 val_macro_f1=0.7862
2026-06-07 21:02:03,319 | INFO | epoch=043 train_loss=0.5825 val_loss=1.0578 val_macro_f1=0.7829
2026-06-07 21:02:04,052 | INFO | epoch=044 train_loss=0.5826 val_loss=1.0614 val_macro_f1=0.7840
2026-06-07 21:02:04,786 | INFO | epoch=045 train_loss=0.5820 val_loss=1.0589 val_macro_f1=0.7839
2026-06-07 21:02:05,516 | INFO | epoch=046 train_loss=0.5829 val_loss=1.0602 val_macro_f1=0.7814
2026-06-07 21:02:06,248 | INFO | epoch=047 train_loss=0.5703 val_loss=1.0601 val_macro_f1=0.7844
2026-06-07 21:02:06,984 | INFO | epoch=048 train_loss=0.5755 val_loss=1.0580 val_macro_f1=0.7840
2026-06-07 21:02:07,718 | INFO | epoch=049 train_loss=0.5855 val_loss=1.0579 val_macro_f1=0.7840
2026-06-07 21:02:08,453 | INFO | epoch=050 train_loss=0.5710 val_loss=1.0580 val_macro_f1=0.7822
