2026-06-07 20:58:24,716 | INFO | Loaded pretrained backbone
2026-06-07 20:58:24,717 | INFO | Loaded weight checksum sample: 44.149082
2026-06-07 20:58:24,717 | INFO | parameters total=562,600 trainable=498,440 frozen=64,160 trainable_pct=88.60%
2026-06-07 20:58:24,833 | INFO | Sanity loss 1.5548
2026-06-07 20:58:25,558 | INFO | epoch=001 train_loss=1.2284 val_loss=1.0641 val_macro_f1=0.7970
2026-06-07 20:58:26,332 | INFO | epoch=002 train_loss=0.9647 val_loss=0.9433 val_macro_f1=0.7878
2026-06-07 20:58:27,080 | INFO | epoch=003 train_loss=0.8667 val_loss=0.9230 val_macro_f1=0.7990
2026-06-07 20:58:27,851 | INFO | epoch=004 train_loss=0.8209 val_loss=0.9025 val_macro_f1=0.8167
2026-06-07 20:58:28,616 | INFO | epoch=005 train_loss=0.7720 val_loss=0.9065 val_macro_f1=0.8216
2026-06-07 20:58:29,708 | INFO | epoch=006 train_loss=0.7631 val_loss=0.9226 val_macro_f1=0.8123
2026-06-07 20:58:30,444 | INFO | epoch=007 train_loss=0.7273 val_loss=0.9202 val_macro_f1=0.8126
2026-06-07 20:58:31,185 | INFO | epoch=008 train_loss=0.7096 val_loss=0.9471 val_macro_f1=0.8140
2026-06-07 20:58:31,934 | INFO | epoch=009 train_loss=0.6997 val_loss=0.8984 val_macro_f1=0.8212
2026-06-07 20:58:32,681 | INFO | epoch=010 train_loss=0.6681 val_loss=0.9147 val_macro_f1=0.8191
2026-06-07 20:58:33,427 | INFO | epoch=011 train_loss=0.6530 val_loss=0.8895 val_macro_f1=0.8352
2026-06-07 20:58:34,193 | INFO | epoch=012 train_loss=0.6275 val_loss=0.9119 val_macro_f1=0.8302
2026-06-07 20:58:34,936 | INFO | epoch=013 train_loss=0.6069 val_loss=0.9122 val_macro_f1=0.8557
2026-06-07 20:58:35,681 | INFO | epoch=014 train_loss=0.6341 val_loss=0.8787 val_macro_f1=0.8569
2026-06-07 20:58:36,450 | INFO | epoch=015 train_loss=0.6215 val_loss=0.9139 val_macro_f1=0.8537
2026-06-07 20:58:37,199 | INFO | epoch=016 train_loss=0.6075 val_loss=0.9060 val_macro_f1=0.8584
2026-06-07 20:58:37,955 | INFO | epoch=017 train_loss=0.5909 val_loss=0.9280 val_macro_f1=0.8496
2026-06-07 20:58:38,695 | INFO | epoch=018 train_loss=0.5714 val_loss=0.9065 val_macro_f1=0.8619
2026-06-07 20:58:39,460 | INFO | epoch=019 train_loss=0.5734 val_loss=0.9217 val_macro_f1=0.8616
2026-06-07 20:58:40,200 | INFO | epoch=020 train_loss=0.5456 val_loss=0.9797 val_macro_f1=0.8369
2026-06-07 20:58:40,935 | INFO | epoch=021 train_loss=0.5510 val_loss=1.0238 val_macro_f1=0.8562
2026-06-07 20:58:41,676 | INFO | epoch=022 train_loss=0.5317 val_loss=0.9732 val_macro_f1=0.8434
2026-06-07 20:58:42,425 | INFO | epoch=023 train_loss=0.5154 val_loss=0.9597 val_macro_f1=0.8523
2026-06-07 20:58:43,172 | INFO | epoch=024 train_loss=0.5148 val_loss=0.9760 val_macro_f1=0.8518
2026-06-07 20:58:43,911 | INFO | epoch=025 train_loss=0.5155 val_loss=0.9868 val_macro_f1=0.8626
2026-06-07 20:58:44,668 | INFO | epoch=026 train_loss=0.5060 val_loss=1.0042 val_macro_f1=0.8621
2026-06-07 20:58:45,414 | INFO | epoch=027 train_loss=0.5062 val_loss=1.0060 val_macro_f1=0.8659
2026-06-07 20:58:46,170 | INFO | epoch=028 train_loss=0.4990 val_loss=0.9969 val_macro_f1=0.8751
2026-06-07 20:58:46,936 | INFO | epoch=029 train_loss=0.4840 val_loss=0.9973 val_macro_f1=0.8631
2026-06-07 20:58:47,677 | INFO | epoch=030 train_loss=0.4843 val_loss=1.0239 val_macro_f1=0.8609
2026-06-07 20:58:48,422 | INFO | epoch=031 train_loss=0.4885 val_loss=1.0029 val_macro_f1=0.8649
2026-06-07 20:58:49,168 | INFO | epoch=032 train_loss=0.4719 val_loss=1.0040 val_macro_f1=0.8639
2026-06-07 20:58:49,914 | INFO | epoch=033 train_loss=0.4743 val_loss=1.0250 val_macro_f1=0.8569
2026-06-07 20:58:50,654 | INFO | epoch=034 train_loss=0.4860 val_loss=1.0371 val_macro_f1=0.8550
2026-06-07 20:58:51,402 | INFO | epoch=035 train_loss=0.4787 val_loss=1.0296 val_macro_f1=0.8550
2026-06-07 20:58:52,156 | INFO | epoch=036 train_loss=0.4860 val_loss=1.0153 val_macro_f1=0.8560
2026-06-07 20:58:52,906 | INFO | epoch=037 train_loss=0.4757 val_loss=1.0344 val_macro_f1=0.8569
2026-06-07 20:58:53,645 | INFO | epoch=038 train_loss=0.4778 val_loss=1.0435 val_macro_f1=0.8550
2026-06-07 20:58:54,388 | INFO | epoch=039 train_loss=0.4741 val_loss=1.0392 val_macro_f1=0.8569
2026-06-07 20:58:55,130 | INFO | epoch=040 train_loss=0.4668 val_loss=1.0410 val_macro_f1=0.8569
2026-06-07 20:58:55,867 | INFO | epoch=041 train_loss=0.4793 val_loss=1.0473 val_macro_f1=0.8569
2026-06-07 20:58:56,610 | INFO | epoch=042 train_loss=0.4793 val_loss=1.0498 val_macro_f1=0.8593
2026-06-07 20:58:57,354 | INFO | epoch=043 train_loss=0.4609 val_loss=1.0504 val_macro_f1=0.8521
2026-06-07 20:58:58,095 | INFO | epoch=044 train_loss=0.4623 val_loss=1.0434 val_macro_f1=0.8581
2026-06-07 20:58:58,835 | INFO | epoch=045 train_loss=0.4720 val_loss=1.0402 val_macro_f1=0.8581
2026-06-07 20:58:59,576 | INFO | epoch=046 train_loss=0.4695 val_loss=1.0436 val_macro_f1=0.8581
2026-06-07 20:59:00,335 | INFO | epoch=047 train_loss=0.4687 val_loss=1.0439 val_macro_f1=0.8581
2026-06-07 20:59:01,074 | INFO | epoch=048 train_loss=0.4665 val_loss=1.0430 val_macro_f1=0.8604
2026-06-07 20:59:01,816 | INFO | epoch=049 train_loss=0.4791 val_loss=1.0460 val_macro_f1=0.8563
2026-06-07 20:59:02,560 | INFO | epoch=050 train_loss=0.4731 val_loss=1.0496 val_macro_f1=0.8563
