2026-06-07 21:02:09,575 | INFO | Loaded pretrained full model
2026-06-07 21:02:09,576 | INFO | Loaded weight checksum sample: 44.149082
2026-06-07 21:02:09,576 | INFO | parameters total=562,600 trainable=562,600 frozen=0 trainable_pct=100.00%
2026-06-07 21:02:09,686 | INFO | Sanity loss 1.7569
2026-06-07 21:02:10,734 | INFO | epoch=001 train_loss=1.2341 val_loss=1.0771 val_macro_f1=0.7547
2026-06-07 21:02:11,825 | INFO | epoch=002 train_loss=0.8776 val_loss=0.9313 val_macro_f1=0.7863
2026-06-07 21:02:12,912 | INFO | epoch=003 train_loss=0.7958 val_loss=0.9715 val_macro_f1=0.7897
2026-06-07 21:02:13,989 | INFO | epoch=004 train_loss=0.7514 val_loss=0.9834 val_macro_f1=0.7953
2026-06-07 21:02:15,064 | INFO | epoch=005 train_loss=0.7140 val_loss=0.9490 val_macro_f1=0.8030
2026-06-07 21:02:16,141 | INFO | epoch=006 train_loss=0.6801 val_loss=1.0173 val_macro_f1=0.8050
2026-06-07 21:02:17,221 | INFO | epoch=007 train_loss=0.6414 val_loss=0.9708 val_macro_f1=0.8204
2026-06-07 21:02:18,295 | INFO | epoch=008 train_loss=0.6153 val_loss=0.9836 val_macro_f1=0.8083
2026-06-07 21:02:19,350 | INFO | epoch=009 train_loss=0.5868 val_loss=1.0635 val_macro_f1=0.8217
2026-06-07 21:02:20,424 | INFO | epoch=010 train_loss=0.5766 val_loss=1.0056 val_macro_f1=0.8205
2026-06-07 21:02:21,489 | INFO | epoch=011 train_loss=0.5533 val_loss=1.0074 val_macro_f1=0.8233
2026-06-07 21:02:22,569 | INFO | epoch=012 train_loss=0.5465 val_loss=1.0326 val_macro_f1=0.8130
2026-06-07 21:02:23,626 | INFO | epoch=013 train_loss=0.5217 val_loss=1.0342 val_macro_f1=0.8352
2026-06-07 21:02:24,710 | INFO | epoch=014 train_loss=0.5261 val_loss=1.0515 val_macro_f1=0.8151
2026-06-07 21:02:25,779 | INFO | epoch=015 train_loss=0.5037 val_loss=1.0529 val_macro_f1=0.8205
2026-06-07 21:02:26,839 | INFO | epoch=016 train_loss=0.5045 val_loss=1.0342 val_macro_f1=0.8209
2026-06-07 21:02:27,904 | INFO | epoch=017 train_loss=0.5056 val_loss=1.0548 val_macro_f1=0.8168
2026-06-07 21:02:28,964 | INFO | epoch=018 train_loss=0.4864 val_loss=1.0768 val_macro_f1=0.8320
2026-06-07 21:02:30,025 | INFO | epoch=019 train_loss=0.5105 val_loss=1.0497 val_macro_f1=0.8233
2026-06-07 21:02:31,083 | INFO | epoch=020 train_loss=0.4895 val_loss=1.0567 val_macro_f1=0.8270
2026-06-07 21:02:32,148 | INFO | epoch=021 train_loss=0.4764 val_loss=1.0687 val_macro_f1=0.8242
2026-06-07 21:02:33,205 | INFO | epoch=022 train_loss=0.4737 val_loss=1.0824 val_macro_f1=0.8233
2026-06-07 21:02:34,267 | INFO | epoch=023 train_loss=0.4752 val_loss=1.0764 val_macro_f1=0.8270
2026-06-07 21:02:35,327 | INFO | epoch=024 train_loss=0.4693 val_loss=1.0835 val_macro_f1=0.8312
2026-06-07 21:02:36,387 | INFO | epoch=025 train_loss=0.4726 val_loss=1.0814 val_macro_f1=0.8322
2026-06-07 21:02:37,448 | INFO | epoch=026 train_loss=0.4715 val_loss=1.0829 val_macro_f1=0.8406
2026-06-07 21:02:38,529 | INFO | epoch=027 train_loss=0.4713 val_loss=1.0849 val_macro_f1=0.8406
2026-06-07 21:02:39,588 | INFO | epoch=028 train_loss=0.4727 val_loss=1.0876 val_macro_f1=0.8340
2026-06-07 21:02:40,644 | INFO | epoch=029 train_loss=0.4652 val_loss=1.0864 val_macro_f1=0.8371
2026-06-07 21:02:41,703 | INFO | epoch=030 train_loss=0.4643 val_loss=1.0743 val_macro_f1=0.8346
2026-06-07 21:02:42,766 | INFO | epoch=031 train_loss=0.4499 val_loss=1.0673 val_macro_f1=0.8415
2026-06-07 21:02:43,852 | INFO | epoch=032 train_loss=0.4737 val_loss=1.0768 val_macro_f1=0.8367
2026-06-07 21:02:44,930 | INFO | epoch=033 train_loss=0.4472 val_loss=1.0867 val_macro_f1=0.8297
2026-06-07 21:02:45,993 | INFO | epoch=034 train_loss=0.4416 val_loss=1.0941 val_macro_f1=0.8297
2026-06-07 21:02:47,072 | INFO | epoch=035 train_loss=0.4550 val_loss=1.0999 val_macro_f1=0.8358
2026-06-07 21:02:48,142 | INFO | epoch=036 train_loss=0.4508 val_loss=1.0999 val_macro_f1=0.8329
2026-06-07 21:02:49,206 | INFO | epoch=037 train_loss=0.4582 val_loss=1.1001 val_macro_f1=0.8289
2026-06-07 21:02:50,268 | INFO | epoch=038 train_loss=0.4517 val_loss=1.1031 val_macro_f1=0.8263
2026-06-07 21:02:51,329 | INFO | epoch=039 train_loss=0.4476 val_loss=1.1039 val_macro_f1=0.8225
2026-06-07 21:02:52,394 | INFO | epoch=040 train_loss=0.4484 val_loss=1.1059 val_macro_f1=0.8225
2026-06-07 21:02:53,466 | INFO | epoch=041 train_loss=0.4438 val_loss=1.1054 val_macro_f1=0.8251
2026-06-07 21:02:54,528 | INFO | epoch=042 train_loss=0.4583 val_loss=1.1110 val_macro_f1=0.8225
2026-06-07 21:02:55,591 | INFO | epoch=043 train_loss=0.4485 val_loss=1.1137 val_macro_f1=0.8255
2026-06-07 21:02:56,661 | INFO | epoch=044 train_loss=0.4562 val_loss=1.1151 val_macro_f1=0.8213
2026-06-07 21:02:57,724 | INFO | epoch=045 train_loss=0.4458 val_loss=1.1161 val_macro_f1=0.8228
2026-06-07 21:02:58,791 | INFO | epoch=046 train_loss=0.4441 val_loss=1.1154 val_macro_f1=0.8219
2026-06-07 21:02:59,852 | INFO | epoch=047 train_loss=0.4396 val_loss=1.1112 val_macro_f1=0.8243
2026-06-07 21:03:00,917 | INFO | epoch=048 train_loss=0.4517 val_loss=1.1090 val_macro_f1=0.8279
2026-06-07 21:03:01,981 | INFO | epoch=049 train_loss=0.4558 val_loss=1.1103 val_macro_f1=0.8219
2026-06-07 21:03:03,041 | INFO | epoch=050 train_loss=0.4446 val_loss=1.1076 val_macro_f1=0.8243
