2026-06-07 20:54:41,379 | INFO | Loaded pretrained backbone
2026-06-07 20:54:41,381 | INFO | Loaded weight checksum sample: 44.149082
2026-06-07 20:54:41,382 | INFO | parameters total=562,600 trainable=101,000 frozen=461,600 trainable_pct=17.95%
2026-06-07 20:54:41,490 | INFO | Sanity loss 1.2260
2026-06-07 20:54:42,192 | INFO | epoch=001 train_loss=1.2156 val_loss=1.0225 val_macro_f1=0.7839
2026-06-07 20:54:42,912 | INFO | epoch=002 train_loss=1.0017 val_loss=0.9187 val_macro_f1=0.7929
2026-06-07 20:54:43,635 | INFO | epoch=003 train_loss=0.9234 val_loss=0.8939 val_macro_f1=0.7794
2026-06-07 20:54:44,351 | INFO | epoch=004 train_loss=0.8951 val_loss=0.8822 val_macro_f1=0.7937
2026-06-07 20:54:45,072 | INFO | epoch=005 train_loss=0.8814 val_loss=0.8841 val_macro_f1=0.7792
2026-06-07 20:54:45,778 | INFO | epoch=006 train_loss=0.8529 val_loss=0.8869 val_macro_f1=0.7793
2026-06-07 20:54:46,487 | INFO | epoch=007 train_loss=0.8375 val_loss=0.8625 val_macro_f1=0.7901
2026-06-07 20:54:47,195 | INFO | epoch=008 train_loss=0.8332 val_loss=0.8825 val_macro_f1=0.7895
2026-06-07 20:54:47,898 | INFO | epoch=009 train_loss=0.8016 val_loss=0.8827 val_macro_f1=0.7866
2026-06-07 20:54:48,609 | INFO | epoch=010 train_loss=0.7991 val_loss=0.8660 val_macro_f1=0.8013
2026-06-07 20:54:49,330 | INFO | epoch=011 train_loss=0.7918 val_loss=0.8700 val_macro_f1=0.7956
2026-06-07 20:54:50,034 | INFO | epoch=012 train_loss=0.7746 val_loss=0.8785 val_macro_f1=0.7870
2026-06-07 20:54:50,743 | INFO | epoch=013 train_loss=0.7825 val_loss=0.8695 val_macro_f1=0.7982
2026-06-07 20:54:51,450 | INFO | epoch=014 train_loss=0.7575 val_loss=0.8736 val_macro_f1=0.7981
2026-06-07 20:54:52,154 | INFO | epoch=015 train_loss=0.7347 val_loss=0.8684 val_macro_f1=0.7994
2026-06-07 20:54:52,863 | INFO | epoch=016 train_loss=0.7427 val_loss=0.8685 val_macro_f1=0.8038
2026-06-07 20:54:53,588 | INFO | epoch=017 train_loss=0.7404 val_loss=0.8915 val_macro_f1=0.7931
2026-06-07 20:54:54,300 | INFO | epoch=018 train_loss=0.7321 val_loss=0.8874 val_macro_f1=0.7909
2026-06-07 20:54:55,007 | INFO | epoch=019 train_loss=0.7341 val_loss=0.8769 val_macro_f1=0.7975
2026-06-07 20:54:55,717 | INFO | epoch=020 train_loss=0.7209 val_loss=0.8756 val_macro_f1=0.7996
2026-06-07 20:54:56,429 | INFO | epoch=021 train_loss=0.7167 val_loss=0.8772 val_macro_f1=0.7996
2026-06-07 20:54:57,136 | INFO | epoch=022 train_loss=0.7207 val_loss=0.8750 val_macro_f1=0.7926
2026-06-07 20:54:57,844 | INFO | epoch=023 train_loss=0.7134 val_loss=0.8817 val_macro_f1=0.7917
2026-06-07 20:54:58,552 | INFO | epoch=024 train_loss=0.7030 val_loss=0.8801 val_macro_f1=0.7939
2026-06-07 20:54:59,254 | INFO | epoch=025 train_loss=0.7096 val_loss=0.8829 val_macro_f1=0.7926
2026-06-07 20:54:59,960 | INFO | epoch=026 train_loss=0.7079 val_loss=0.8852 val_macro_f1=0.7888
2026-06-07 20:55:00,666 | INFO | epoch=027 train_loss=0.7090 val_loss=0.8846 val_macro_f1=0.8033
2026-06-07 20:55:01,373 | INFO | epoch=028 train_loss=0.7072 val_loss=0.8816 val_macro_f1=0.8033
2026-06-07 20:55:02,079 | INFO | epoch=029 train_loss=0.6991 val_loss=0.8842 val_macro_f1=0.7961
2026-06-07 20:55:02,791 | INFO | epoch=030 train_loss=0.6993 val_loss=0.8889 val_macro_f1=0.7982
2026-06-07 20:55:03,500 | INFO | epoch=031 train_loss=0.6957 val_loss=0.8918 val_macro_f1=0.7896
2026-06-07 20:55:04,204 | INFO | epoch=032 train_loss=0.7041 val_loss=0.8884 val_macro_f1=0.8011
2026-06-07 20:55:04,909 | INFO | epoch=033 train_loss=0.6893 val_loss=0.8876 val_macro_f1=0.8033
2026-06-07 20:55:05,614 | INFO | epoch=034 train_loss=0.6996 val_loss=0.8884 val_macro_f1=0.8055
2026-06-07 20:55:06,325 | INFO | epoch=035 train_loss=0.6899 val_loss=0.8873 val_macro_f1=0.8055
2026-06-07 20:55:07,030 | INFO | epoch=036 train_loss=0.6986 val_loss=0.8858 val_macro_f1=0.8033
2026-06-07 20:55:07,736 | INFO | epoch=037 train_loss=0.6888 val_loss=0.8835 val_macro_f1=0.8055
2026-06-07 20:55:08,445 | INFO | epoch=038 train_loss=0.6954 val_loss=0.8865 val_macro_f1=0.7997
2026-06-07 20:55:09,153 | INFO | epoch=039 train_loss=0.6949 val_loss=0.8846 val_macro_f1=0.7991
2026-06-07 20:55:09,864 | INFO | epoch=040 train_loss=0.6885 val_loss=0.8837 val_macro_f1=0.7991
2026-06-07 20:55:10,572 | INFO | epoch=041 train_loss=0.7009 val_loss=0.8853 val_macro_f1=0.8033
2026-06-07 20:55:11,276 | INFO | epoch=042 train_loss=0.6982 val_loss=0.8858 val_macro_f1=0.8033
2026-06-07 20:55:11,982 | INFO | epoch=043 train_loss=0.6821 val_loss=0.8858 val_macro_f1=0.8055
2026-06-07 20:55:12,688 | INFO | epoch=044 train_loss=0.7007 val_loss=0.8878 val_macro_f1=0.7968
2026-06-07 20:55:13,391 | INFO | epoch=045 train_loss=0.6905 val_loss=0.8878 val_macro_f1=0.7939
2026-06-07 20:55:14,095 | INFO | epoch=046 train_loss=0.7107 val_loss=0.8867 val_macro_f1=0.8004
2026-06-07 20:55:14,803 | INFO | epoch=047 train_loss=0.6986 val_loss=0.8882 val_macro_f1=0.8026
2026-06-07 20:55:15,505 | INFO | epoch=048 train_loss=0.6810 val_loss=0.8879 val_macro_f1=0.8004
2026-06-07 20:55:16,209 | INFO | epoch=049 train_loss=0.6815 val_loss=0.8889 val_macro_f1=0.8026
2026-06-07 20:55:16,909 | INFO | epoch=050 train_loss=0.6962 val_loss=0.8879 val_macro_f1=0.8055
