2026-06-07 20:55:56,642 | INFO | Loaded pretrained full model
2026-06-07 20:55:56,643 | INFO | Loaded weight checksum sample: 44.149082
2026-06-07 20:55:56,643 | INFO | parameters total=562,600 trainable=562,600 frozen=0 trainable_pct=100.00%
2026-06-07 20:55:56,769 | INFO | Sanity loss 2.0455
2026-06-07 20:55:57,814 | INFO | epoch=001 train_loss=1.2356 val_loss=0.9402 val_macro_f1=0.7671
2026-06-07 20:55:58,903 | INFO | epoch=002 train_loss=0.9316 val_loss=0.8747 val_macro_f1=0.8089
2026-06-07 20:55:59,995 | INFO | epoch=003 train_loss=0.8397 val_loss=0.8560 val_macro_f1=0.8015
2026-06-07 20:56:01,070 | INFO | epoch=004 train_loss=0.7926 val_loss=0.8274 val_macro_f1=0.8069
2026-06-07 20:56:02,145 | INFO | epoch=005 train_loss=0.7451 val_loss=0.8245 val_macro_f1=0.8105
2026-06-07 20:56:03,235 | INFO | epoch=006 train_loss=0.7032 val_loss=0.7993 val_macro_f1=0.8373
2026-06-07 20:56:04,325 | INFO | epoch=007 train_loss=0.6853 val_loss=0.8016 val_macro_f1=0.8576
2026-06-07 20:56:05,410 | INFO | epoch=008 train_loss=0.6431 val_loss=0.8251 val_macro_f1=0.8273
2026-06-07 20:56:06,475 | INFO | epoch=009 train_loss=0.6106 val_loss=0.8221 val_macro_f1=0.8441
2026-06-07 20:56:07,545 | INFO | epoch=010 train_loss=0.6032 val_loss=0.8451 val_macro_f1=0.8191
2026-06-07 20:56:08,611 | INFO | epoch=011 train_loss=0.5808 val_loss=0.9038 val_macro_f1=0.7972
2026-06-07 20:56:09,668 | INFO | epoch=012 train_loss=0.5551 val_loss=0.8531 val_macro_f1=0.8072
2026-06-07 20:56:10,729 | INFO | epoch=013 train_loss=0.5441 val_loss=0.8867 val_macro_f1=0.7930
2026-06-07 20:56:11,797 | INFO | epoch=014 train_loss=0.5265 val_loss=0.9394 val_macro_f1=0.8131
2026-06-07 20:56:12,861 | INFO | epoch=015 train_loss=0.5075 val_loss=0.8970 val_macro_f1=0.7877
2026-06-07 20:56:13,933 | INFO | epoch=016 train_loss=0.5100 val_loss=0.9444 val_macro_f1=0.7910
2026-06-07 20:56:15,001 | INFO | epoch=017 train_loss=0.4994 val_loss=1.0336 val_macro_f1=0.7765
2026-06-07 20:56:16,054 | INFO | epoch=018 train_loss=0.4916 val_loss=0.9929 val_macro_f1=0.8040
2026-06-07 20:56:17,119 | INFO | epoch=019 train_loss=0.4879 val_loss=0.9742 val_macro_f1=0.7821
2026-06-07 20:56:18,192 | INFO | epoch=020 train_loss=0.4811 val_loss=0.9728 val_macro_f1=0.7940
2026-06-07 20:56:19,265 | INFO | epoch=021 train_loss=0.4687 val_loss=1.0082 val_macro_f1=0.7981
2026-06-07 20:56:20,331 | INFO | epoch=022 train_loss=0.4605 val_loss=0.9973 val_macro_f1=0.7992
2026-06-07 20:56:21,399 | INFO | epoch=023 train_loss=0.4764 val_loss=1.0003 val_macro_f1=0.7759
2026-06-07 20:56:22,461 | INFO | epoch=024 train_loss=0.4489 val_loss=0.9710 val_macro_f1=0.8005
2026-06-07 20:56:23,529 | INFO | epoch=025 train_loss=0.4638 val_loss=0.9855 val_macro_f1=0.7940
2026-06-07 20:56:24,593 | INFO | epoch=026 train_loss=0.4491 val_loss=1.0181 val_macro_f1=0.7746
2026-06-07 20:56:25,665 | INFO | epoch=027 train_loss=0.4533 val_loss=1.0062 val_macro_f1=0.7893
2026-06-07 20:56:26,733 | INFO | epoch=028 train_loss=0.4433 val_loss=0.9911 val_macro_f1=0.7988
2026-06-07 20:56:27,799 | INFO | epoch=029 train_loss=0.4412 val_loss=1.0015 val_macro_f1=0.8022
2026-06-07 20:56:28,873 | INFO | epoch=030 train_loss=0.4374 val_loss=1.0078 val_macro_f1=0.7731
2026-06-07 20:56:29,944 | INFO | epoch=031 train_loss=0.4434 val_loss=1.0152 val_macro_f1=0.7795
2026-06-07 20:56:31,009 | INFO | epoch=032 train_loss=0.4463 val_loss=1.0164 val_macro_f1=0.7758
2026-06-07 20:56:32,066 | INFO | epoch=033 train_loss=0.4320 val_loss=1.0180 val_macro_f1=0.7877
2026-06-07 20:56:33,128 | INFO | epoch=034 train_loss=0.4355 val_loss=1.0172 val_macro_f1=0.7877
2026-06-07 20:56:34,200 | INFO | epoch=035 train_loss=0.4360 val_loss=1.0278 val_macro_f1=0.7795
2026-06-07 20:56:35,258 | INFO | epoch=036 train_loss=0.4321 val_loss=1.0167 val_macro_f1=0.7857
2026-06-07 20:56:36,321 | INFO | epoch=037 train_loss=0.4303 val_loss=1.0172 val_macro_f1=0.7755
2026-06-07 20:56:37,379 | INFO | epoch=038 train_loss=0.4327 val_loss=1.0348 val_macro_f1=0.7865
2026-06-07 20:56:38,462 | INFO | epoch=039 train_loss=0.4388 val_loss=1.0455 val_macro_f1=0.7782
2026-06-07 20:56:39,530 | INFO | epoch=040 train_loss=0.4353 val_loss=1.0472 val_macro_f1=0.7782
2026-06-07 20:56:40,596 | INFO | epoch=041 train_loss=0.4309 val_loss=1.0270 val_macro_f1=0.7929
2026-06-07 20:56:41,662 | INFO | epoch=042 train_loss=0.4320 val_loss=1.0273 val_macro_f1=0.7929
2026-06-07 20:56:42,732 | INFO | epoch=043 train_loss=0.4216 val_loss=1.0328 val_macro_f1=0.7755
2026-06-07 20:56:43,792 | INFO | epoch=044 train_loss=0.4287 val_loss=1.0395 val_macro_f1=0.7774
2026-06-07 20:56:44,854 | INFO | epoch=045 train_loss=0.4312 val_loss=1.0306 val_macro_f1=0.7783
2026-06-07 20:56:45,924 | INFO | epoch=046 train_loss=0.4274 val_loss=1.0268 val_macro_f1=0.7783
2026-06-07 20:56:46,987 | INFO | epoch=047 train_loss=0.4271 val_loss=1.0221 val_macro_f1=0.7747
2026-06-07 20:56:48,051 | INFO | epoch=048 train_loss=0.4219 val_loss=1.0198 val_macro_f1=0.7747
2026-06-07 20:56:49,110 | INFO | epoch=049 train_loss=0.4334 val_loss=1.0175 val_macro_f1=0.7813
2026-06-07 20:56:50,175 | INFO | epoch=050 train_loss=0.4231 val_loss=1.0257 val_macro_f1=0.7747
