2026-06-10 21:37:48,953 | INFO | ========================================================================================
2026-06-10 21:37:48,954 | INFO | ALPA-Net logger | Algorithm: ALPA-Net: Anatomical Lead Prior Attention Network
2026-06-10 21:37:48,954 | INFO | Run started at: 2026-06-10 21:37:48
2026-06-10 21:37:48,955 | INFO | Run ID: 20260610_213748
2026-06-10 21:37:48,955 | INFO | Output directory: /home/nugee/code-program/code-thesis/hibah/myocardial-infarction-localization/outputs/pretrain_alpanet_ptbxl/20260610_213748
2026-06-10 21:37:48,955 | INFO | Root output log: /home/nugee/code-program/code-thesis/hibah/myocardial-infarction-localization/output.log
2026-06-10 21:37:48,955 | INFO | Dataset directory: /home/nugee/code-program/code-thesis/hibah/myocardial-infarction-localization/dataset/ptb_xl
2026-06-10 21:37:48,956 | INFO | Device: cuda
2026-06-10 21:37:48,956 | INFO | Planned epochs: 50 | Batch size: 64 | Learning rate: 1.000e-04 | Weight decay: 1.000e-04
2026-06-10 21:37:48,956 | INFO | Early stopping enabled: False | Loss: CrossEntropyLoss | Head activation: softmax
2026-06-10 21:37:48,956 | INFO | Main labels: ['Normal', 'Anterior', 'Inferior', 'Lateral']
2026-06-10 21:37:48,956 | INFO | Loss role map: {'CrossEntropyLoss': 'Directly optimizes mutually exclusive 4-class classification logits for Normal, Anterior, Inferior, and Lateral.'}
2026-06-10 21:37:48,957 | INFO | ========================================================================================
2026-06-10 21:37:48,978 | INFO | Data loading started.
2026-06-10 21:37:49,581 | INFO | Data loading completed.
2026-06-10 21:37:49,581 | INFO | Train shape: (86701, 65, 12) | Val shape: (12531, 65, 12) | Test shape: (24781, 65, 12)
2026-06-10 21:37:49,582 | INFO | Train/val/test beat samples: 86701 / 12531 / 24781
2026-06-10 21:37:49,594 | INFO | Classification label mapping started.
2026-06-10 21:37:49,611 | INFO | train class distribution: {'Normal': 70308, 'Anterior': 5728, 'Inferior': 10338, 'Lateral': 327}
2026-06-10 21:37:49,616 | INFO | val class distribution: {'Normal': 10185, 'Anterior': 838, 'Inferior': 1464, 'Lateral': 44}
2026-06-10 21:37:49,620 | INFO | test class distribution: {'Normal': 20089, 'Anterior': 1668, 'Inferior': 2941, 'Lateral': 83}
2026-06-10 21:37:49,631 | INFO | Training beats downsampled per class: [{'class_index': 0, 'class_name': 'Normal', 'available_train_beats': 70308, 'selected_train_beats': 900}, {'class_index': 1, 'class_name': 'Anterior', 'available_train_beats': 5728, 'selected_train_beats': 900}, {'class_index': 2, 'class_name': 'Inferior', 'available_train_beats': 10338, 'selected_train_beats': 900}, {'class_index': 3, 'class_name': 'Lateral', 'available_train_beats': 327, 'selected_train_beats': 327}]
2026-06-10 21:37:49,633 | INFO | train_balanced class distribution: {'Normal': 900, 'Anterior': 900, 'Inferior': 900, 'Lateral': 327}
2026-06-10 21:37:49,637 | INFO | Classification label mapping completed.
2026-06-10 21:37:49,643 | INFO | Dataset normalization and DataLoader setup started.
2026-06-10 21:37:49,717 | INFO | Dataset normalization and DataLoader setup completed.
2026-06-10 21:37:49,718 | INFO | DataLoaders ready: train=3027 val=12531 test=24781
2026-06-10 21:37:49,718 | INFO | DataLoader batches: train=48 val=196 test=388
2026-06-10 21:37:49,729 | INFO | ALPA-Net classification model definition and instantiation started.
2026-06-10 21:37:49,866 | INFO | Model instantiated. Total params=513493 | Trainable params=513493
2026-06-10 21:37:49,866 | INFO | ALPA-Net classification model definition and instantiation completed.
2026-06-10 21:37:49,872 | INFO | Loss, optimizer, scheduler, and one-batch sanity check setup started.
2026-06-10 21:37:50,916 | INFO | One-batch classification sanity check passed. CE loss=1.382887
2026-06-10 21:37:50,917 | INFO | Loss, optimizer, scheduler, and one-batch sanity check setup completed.
2026-06-10 21:37:50,952 | INFO | Training started for 50 epochs.
2026-06-10 21:37:53,373 | INFO | Epoch 001/050 | train_loss=1.28232 val_loss=1.18992 train_macro_f1=0.3057 val_macro_f1=0.2795 lr=1.000e-04 time=2.4s
2026-06-10 21:37:53,402 | INFO | New best val macro F1 0.2795 at epoch 1
2026-06-10 21:37:55,667 | INFO | Epoch 002/050 | train_loss=1.17491 val_loss=0.80807 train_macro_f1=0.3590 val_macro_f1=0.3964 lr=1.000e-04 time=2.3s
2026-06-10 21:37:55,696 | INFO | New best val macro F1 0.3964 at epoch 2
2026-06-10 21:37:58,024 | INFO | Epoch 003/050 | train_loss=1.12346 val_loss=0.74534 train_macro_f1=0.3941 val_macro_f1=0.4254 lr=1.000e-04 time=2.3s
2026-06-10 21:37:58,056 | INFO | New best val macro F1 0.4254 at epoch 3
2026-06-10 21:38:00,440 | INFO | Epoch 004/050 | train_loss=1.07400 val_loss=0.68940 train_macro_f1=0.4434 val_macro_f1=0.4375 lr=1.000e-04 time=2.4s
2026-06-10 21:38:00,469 | INFO | New best val macro F1 0.4375 at epoch 4
2026-06-10 21:38:02,716 | INFO | Epoch 005/050 | train_loss=1.01770 val_loss=0.59912 train_macro_f1=0.4899 val_macro_f1=0.4336 lr=1.000e-04 time=2.2s
2026-06-10 21:38:02,759 | INFO | Saved periodic 5-epoch checkpoint: /home/nugee/code-program/code-thesis/hibah/myocardial-infarction-localization/outputs/pretrain_alpanet_ptbxl/20260610_213748/checkpoints/per_5fold/epoch_005.pt
2026-06-10 21:38:04,974 | INFO | Epoch 006/050 | train_loss=0.96826 val_loss=0.57785 train_macro_f1=0.5260 val_macro_f1=0.4625 lr=1.000e-04 time=2.2s
2026-06-10 21:38:05,002 | INFO | New best val macro F1 0.4625 at epoch 6
2026-06-10 21:38:07,220 | INFO | Epoch 007/050 | train_loss=0.93496 val_loss=0.59367 train_macro_f1=0.5599 val_macro_f1=0.4841 lr=1.000e-04 time=2.2s
2026-06-10 21:38:07,249 | INFO | New best val macro F1 0.4841 at epoch 7
2026-06-10 21:38:09,458 | INFO | Epoch 008/050 | train_loss=0.86528 val_loss=0.71597 train_macro_f1=0.6046 val_macro_f1=0.4792 lr=1.000e-04 time=2.2s
2026-06-10 21:38:11,678 | INFO | Epoch 009/050 | train_loss=0.83495 val_loss=0.71653 train_macro_f1=0.6151 val_macro_f1=0.4654 lr=1.000e-04 time=2.2s
2026-06-10 21:38:13,906 | INFO | Epoch 010/050 | train_loss=0.81716 val_loss=0.60602 train_macro_f1=0.6200 val_macro_f1=0.4905 lr=1.000e-04 time=2.2s
2026-06-10 21:38:13,934 | INFO | New best val macro F1 0.4905 at epoch 10
2026-06-10 21:38:13,948 | INFO | Saved periodic 5-epoch checkpoint: /home/nugee/code-program/code-thesis/hibah/myocardial-infarction-localization/outputs/pretrain_alpanet_ptbxl/20260610_213748/checkpoints/per_5fold/epoch_010.pt
2026-06-10 21:38:16,153 | INFO | Epoch 011/050 | train_loss=0.76835 val_loss=0.73736 train_macro_f1=0.6541 val_macro_f1=0.4621 lr=1.000e-04 time=2.2s
2026-06-10 21:38:18,375 | INFO | Epoch 012/050 | train_loss=0.74516 val_loss=0.53940 train_macro_f1=0.6749 val_macro_f1=0.5258 lr=1.000e-04 time=2.2s
2026-06-10 21:38:18,404 | INFO | New best val macro F1 0.5258 at epoch 12
2026-06-10 21:38:20,622 | INFO | Epoch 013/050 | train_loss=0.70490 val_loss=0.67847 train_macro_f1=0.6940 val_macro_f1=0.4896 lr=1.000e-04 time=2.2s
2026-06-10 21:38:22,838 | INFO | Epoch 014/050 | train_loss=0.69062 val_loss=0.51405 train_macro_f1=0.7157 val_macro_f1=0.5242 lr=1.000e-04 time=2.2s
2026-06-10 21:38:25,075 | INFO | Epoch 015/050 | train_loss=0.67308 val_loss=0.73814 train_macro_f1=0.7241 val_macro_f1=0.4639 lr=1.000e-04 time=2.2s
2026-06-10 21:38:25,104 | INFO | Saved periodic 5-epoch checkpoint: /home/nugee/code-program/code-thesis/hibah/myocardial-infarction-localization/outputs/pretrain_alpanet_ptbxl/20260610_213748/checkpoints/per_5fold/epoch_015.pt
2026-06-10 21:38:27,305 | INFO | Epoch 016/050 | train_loss=0.64136 val_loss=0.73521 train_macro_f1=0.7498 val_macro_f1=0.4742 lr=1.000e-04 time=2.2s
2026-06-10 21:38:29,532 | INFO | Epoch 017/050 | train_loss=0.63102 val_loss=0.58076 train_macro_f1=0.7471 val_macro_f1=0.5093 lr=1.000e-04 time=2.2s
2026-06-10 21:38:31,748 | INFO | Epoch 018/050 | train_loss=0.61901 val_loss=0.66737 train_macro_f1=0.7617 val_macro_f1=0.4894 lr=5.000e-05 time=2.2s
2026-06-10 21:38:33,971 | INFO | Epoch 019/050 | train_loss=0.57379 val_loss=0.52049 train_macro_f1=0.7891 val_macro_f1=0.5193 lr=5.000e-05 time=2.2s
2026-06-10 21:38:36,190 | INFO | Epoch 020/050 | train_loss=0.54824 val_loss=0.61641 train_macro_f1=0.8012 val_macro_f1=0.4980 lr=5.000e-05 time=2.2s
2026-06-10 21:38:36,219 | INFO | Saved periodic 5-epoch checkpoint: /home/nugee/code-program/code-thesis/hibah/myocardial-infarction-localization/outputs/pretrain_alpanet_ptbxl/20260610_213748/checkpoints/per_5fold/epoch_020.pt
2026-06-10 21:38:38,427 | INFO | Epoch 021/050 | train_loss=0.53383 val_loss=0.57054 train_macro_f1=0.7949 val_macro_f1=0.5087 lr=5.000e-05 time=2.2s
2026-06-10 21:38:40,699 | INFO | Epoch 022/050 | train_loss=0.53446 val_loss=0.60625 train_macro_f1=0.7941 val_macro_f1=0.5053 lr=5.000e-05 time=2.3s
2026-06-10 21:38:43,024 | INFO | Epoch 023/050 | train_loss=0.52951 val_loss=0.56312 train_macro_f1=0.8026 val_macro_f1=0.5086 lr=5.000e-05 time=2.3s
