2026-06-07 19:02:07,544 | INFO | Output directory: /home/nugee/code-program/code-thesis/hibah/myocardial-infarction-localization/outputs/pretrain_alpanet_ptbxl/20260607_190207
2026-06-07 19:02:07,545 | INFO | Root output log: /home/nugee/code-program/code-thesis/hibah/myocardial-infarction-localization/output.log
2026-06-07 19:02:07,545 | INFO | Device: cuda
2026-06-07 19:02:07,715 | INFO | Train shape: (11986, 1000, 12) | Val shape: (1500, 1000, 12) | Test shape: (1516, 1000, 12)
2026-06-07 19:02:07,726 | INFO | train label distribution: {'Normal': 7606, 'Anterior': 2469, 'Inferior': 2623, 'Lateral': 953}
2026-06-07 19:02:07,727 | INFO | train multi-territory samples: 1442
2026-06-07 19:02:07,732 | INFO | val label distribution: {'Normal': 957, 'Anterior': 307, 'Inferior': 330, 'Lateral': 121}
2026-06-07 19:02:07,732 | INFO | val multi-territory samples: 176
2026-06-07 19:02:07,738 | INFO | test label distribution: {'Normal': 964, 'Anterior': 308, 'Inferior': 328, 'Lateral': 119}
2026-06-07 19:02:07,738 | INFO | test multi-territory samples: 172
2026-06-07 19:02:08,608 | INFO | DataLoaders ready: train=11986 val=1500 test=1516
2026-06-07 19:02:08,748 | INFO | ALPA-Net parameters: total=562600 trainable=562600
2026-06-07 19:02:39,020 | INFO | Epoch 001 | train_loss=0.7199 val_loss=0.6089 test_loss=0.6286 | val_macro_f1=0.6932 test_macro_f1=0.6546 | lr=1.00e-03 | 29.6s
2026-06-07 19:03:03,568 | INFO | Epoch 002 | train_loss=0.5965 val_loss=0.7008 test_loss=0.7435 | val_macro_f1=0.6997 test_macro_f1=0.6628 | lr=1.00e-03 | 24.5s
2026-06-07 19:03:28,256 | INFO | Epoch 003 | train_loss=0.5655 val_loss=0.5994 test_loss=0.6192 | val_macro_f1=0.7263 test_macro_f1=0.6855 | lr=1.00e-03 | 24.7s
2026-06-07 19:03:53,450 | INFO | Epoch 004 | train_loss=0.5457 val_loss=0.5270 test_loss=0.5500 | val_macro_f1=0.7255 test_macro_f1=0.7103 | lr=1.00e-03 | 25.1s
2026-06-07 19:04:18,491 | INFO | Epoch 005 | train_loss=0.5272 val_loss=0.5659 test_loss=0.5980 | val_macro_f1=0.7355 test_macro_f1=0.7006 | lr=1.00e-03 | 25.0s
2026-06-07 19:04:43,349 | INFO | Epoch 006 | train_loss=0.5099 val_loss=0.5176 test_loss=0.5342 | val_macro_f1=0.7427 test_macro_f1=0.7046 | lr=1.00e-03 | 24.8s
2026-06-07 19:05:08,365 | INFO | Epoch 007 | train_loss=0.4994 val_loss=0.5462 test_loss=0.5725 | val_macro_f1=0.7427 test_macro_f1=0.7178 | lr=1.00e-03 | 25.0s
2026-06-07 19:05:33,400 | INFO | Epoch 008 | train_loss=0.4947 val_loss=0.5354 test_loss=0.5553 | val_macro_f1=0.7478 test_macro_f1=0.7161 | lr=1.00e-03 | 25.0s
2026-06-07 19:06:00,196 | INFO | Epoch 009 | train_loss=0.4905 val_loss=0.5129 test_loss=0.5315 | val_macro_f1=0.7529 test_macro_f1=0.7447 | lr=1.00e-03 | 26.8s
2026-06-07 19:06:26,507 | INFO | Epoch 010 | train_loss=0.4758 val_loss=0.5106 test_loss=0.5205 | val_macro_f1=0.7535 test_macro_f1=0.7440 | lr=1.00e-03 | 26.3s
2026-06-07 19:06:52,458 | INFO | Epoch 011 | train_loss=0.4719 val_loss=0.4969 test_loss=0.5164 | val_macro_f1=0.7553 test_macro_f1=0.7493 | lr=1.00e-03 | 25.9s
2026-06-07 19:07:17,825 | INFO | Epoch 012 | train_loss=0.4677 val_loss=0.5298 test_loss=0.5328 | val_macro_f1=0.7554 test_macro_f1=0.7443 | lr=1.00e-03 | 25.3s
2026-06-07 19:07:43,848 | INFO | Epoch 013 | train_loss=0.4604 val_loss=0.5051 test_loss=0.5117 | val_macro_f1=0.7470 test_macro_f1=0.7318 | lr=1.00e-03 | 26.0s
2026-06-07 19:08:11,095 | INFO | Epoch 014 | train_loss=0.4580 val_loss=0.5031 test_loss=0.5081 | val_macro_f1=0.7623 test_macro_f1=0.7510 | lr=1.00e-03 | 27.2s
2026-06-07 19:08:38,010 | INFO | Epoch 015 | train_loss=0.4568 val_loss=0.5505 test_loss=0.5540 | val_macro_f1=0.7528 test_macro_f1=0.7440 | lr=1.00e-03 | 26.9s
2026-06-07 19:09:04,653 | INFO | Epoch 016 | train_loss=0.4510 val_loss=0.4980 test_loss=0.4923 | val_macro_f1=0.7568 test_macro_f1=0.7602 | lr=1.00e-03 | 26.6s
2026-06-07 19:09:31,195 | INFO | Epoch 017 | train_loss=0.4459 val_loss=0.4902 test_loss=0.4939 | val_macro_f1=0.7767 test_macro_f1=0.7631 | lr=1.00e-03 | 26.5s
2026-06-07 19:09:57,718 | INFO | Epoch 018 | train_loss=0.4440 val_loss=0.5066 test_loss=0.5076 | val_macro_f1=0.7660 test_macro_f1=0.7644 | lr=1.00e-03 | 26.5s
2026-06-07 19:10:24,195 | INFO | Epoch 019 | train_loss=0.4391 val_loss=0.4995 test_loss=0.5058 | val_macro_f1=0.7652 test_macro_f1=0.7463 | lr=1.00e-03 | 26.5s
2026-06-07 19:10:50,658 | INFO | Epoch 020 | train_loss=0.4352 val_loss=0.4802 test_loss=0.4948 | val_macro_f1=0.7838 test_macro_f1=0.7622 | lr=1.00e-03 | 26.4s
2026-06-07 19:11:17,274 | INFO | Epoch 021 | train_loss=0.4339 val_loss=0.4784 test_loss=0.4800 | val_macro_f1=0.7750 test_macro_f1=0.7676 | lr=1.00e-03 | 26.6s
2026-06-07 19:11:43,986 | INFO | Epoch 022 | train_loss=0.4327 val_loss=0.4853 test_loss=0.4886 | val_macro_f1=0.7699 test_macro_f1=0.7664 | lr=1.00e-03 | 26.7s
2026-06-07 19:12:10,725 | INFO | Epoch 023 | train_loss=0.4281 val_loss=0.5445 test_loss=0.5546 | val_macro_f1=0.7658 test_macro_f1=0.7551 | lr=1.00e-03 | 26.7s
2026-06-07 19:12:37,755 | INFO | Epoch 024 | train_loss=0.4235 val_loss=0.4984 test_loss=0.4905 | val_macro_f1=0.7625 test_macro_f1=0.7749 | lr=1.00e-03 | 27.0s
2026-06-07 19:13:04,302 | INFO | Epoch 025 | train_loss=0.4261 val_loss=0.5033 test_loss=0.4934 | val_macro_f1=0.7698 test_macro_f1=0.7829 | lr=1.00e-03 | 26.5s
2026-06-07 19:13:28,876 | INFO | Epoch 026 | train_loss=0.4184 val_loss=0.4801 test_loss=0.4708 | val_macro_f1=0.7802 test_macro_f1=0.7715 | lr=1.00e-03 | 24.6s
2026-06-07 19:13:53,449 | INFO | Epoch 027 | train_loss=0.4155 val_loss=0.5048 test_loss=0.5101 | val_macro_f1=0.7668 test_macro_f1=0.7677 | lr=5.00e-04 | 24.6s
2026-06-07 19:14:18,038 | INFO | Epoch 028 | train_loss=0.3974 val_loss=0.5026 test_loss=0.4998 | val_macro_f1=0.7783 test_macro_f1=0.7828 | lr=5.00e-04 | 24.6s
2026-06-07 19:14:42,622 | INFO | Epoch 029 | train_loss=0.3893 val_loss=0.4962 test_loss=0.4976 | val_macro_f1=0.7903 test_macro_f1=0.7767 | lr=5.00e-04 | 24.6s
2026-06-07 19:15:07,224 | INFO | Epoch 030 | train_loss=0.3852 val_loss=0.4879 test_loss=0.4842 | val_macro_f1=0.7819 test_macro_f1=0.7850 | lr=5.00e-04 | 24.6s
2026-06-07 19:15:31,817 | INFO | Epoch 031 | train_loss=0.3830 val_loss=0.4920 test_loss=0.4825 | val_macro_f1=0.7835 test_macro_f1=0.7788 | lr=5.00e-04 | 24.6s
2026-06-07 19:15:56,394 | INFO | Epoch 032 | train_loss=0.3818 val_loss=0.5021 test_loss=0.4871 | val_macro_f1=0.7840 test_macro_f1=0.7804 | lr=5.00e-04 | 24.6s
2026-06-07 19:16:20,972 | INFO | Epoch 033 | train_loss=0.3750 val_loss=0.4768 test_loss=0.4802 | val_macro_f1=0.7868 test_macro_f1=0.7773 | lr=5.00e-04 | 24.6s
2026-06-07 19:16:45,579 | INFO | Epoch 034 | train_loss=0.3760 val_loss=0.5066 test_loss=0.4984 | val_macro_f1=0.7808 test_macro_f1=0.7738 | lr=5.00e-04 | 24.6s
2026-06-07 19:17:10,171 | INFO | Epoch 035 | train_loss=0.3738 val_loss=0.5068 test_loss=0.5003 | val_macro_f1=0.7869 test_macro_f1=0.7686 | lr=5.00e-04 | 24.6s
2026-06-07 19:17:34,763 | INFO | Epoch 036 | train_loss=0.3699 val_loss=0.5548 test_loss=0.5518 | val_macro_f1=0.7856 test_macro_f1=0.7751 | lr=5.00e-04 | 24.6s
2026-06-07 19:17:59,342 | INFO | Epoch 037 | train_loss=0.3662 val_loss=0.5466 test_loss=0.5579 | val_macro_f1=0.7859 test_macro_f1=0.7626 | lr=5.00e-04 | 24.6s
2026-06-07 19:18:23,919 | INFO | Epoch 038 | train_loss=0.3654 val_loss=0.4988 test_loss=0.4903 | val_macro_f1=0.7760 test_macro_f1=0.7779 | lr=5.00e-04 | 24.6s
2026-06-07 19:18:48,503 | INFO | Epoch 039 | train_loss=0.3650 val_loss=0.5304 test_loss=0.5182 | val_macro_f1=0.7770 test_macro_f1=0.7754 | lr=2.50e-04 | 24.6s
2026-06-07 19:19:13,118 | INFO | Epoch 040 | train_loss=0.3499 val_loss=0.5212 test_loss=0.5173 | val_macro_f1=0.7905 test_macro_f1=0.7745 | lr=2.50e-04 | 24.6s
2026-06-07 19:19:37,714 | INFO | Epoch 041 | train_loss=0.3450 val_loss=0.5223 test_loss=0.5149 | val_macro_f1=0.7961 test_macro_f1=0.7777 | lr=2.50e-04 | 24.6s
2026-06-07 19:20:02,326 | INFO | Epoch 042 | train_loss=0.3414 val_loss=0.5159 test_loss=0.5121 | val_macro_f1=0.7948 test_macro_f1=0.7615 | lr=2.50e-04 | 24.6s
2026-06-07 19:20:26,899 | INFO | Epoch 043 | train_loss=0.3385 val_loss=0.5113 test_loss=0.5097 | val_macro_f1=0.7803 test_macro_f1=0.7643 | lr=2.50e-04 | 24.6s
2026-06-07 19:20:51,489 | INFO | Epoch 044 | train_loss=0.3380 val_loss=0.5438 test_loss=0.5317 | val_macro_f1=0.7835 test_macro_f1=0.7709 | lr=2.50e-04 | 24.6s
2026-06-07 19:21:16,052 | INFO | Epoch 045 | train_loss=0.3394 val_loss=0.5425 test_loss=0.5340 | val_macro_f1=0.7880 test_macro_f1=0.7735 | lr=1.25e-04 | 24.5s
2026-06-07 19:21:40,626 | INFO | Epoch 046 | train_loss=0.3255 val_loss=0.5289 test_loss=0.5209 | val_macro_f1=0.7880 test_macro_f1=0.7737 | lr=1.25e-04 | 24.6s
2026-06-07 19:22:05,216 | INFO | Epoch 047 | train_loss=0.3233 val_loss=0.5429 test_loss=0.5373 | val_macro_f1=0.7858 test_macro_f1=0.7664 | lr=1.25e-04 | 24.6s
2026-06-07 19:22:29,802 | INFO | Epoch 048 | train_loss=0.3216 val_loss=0.5442 test_loss=0.5335 | val_macro_f1=0.7905 test_macro_f1=0.7756 | lr=1.25e-04 | 24.6s
2026-06-07 19:22:54,371 | INFO | Epoch 049 | train_loss=0.3221 val_loss=0.5496 test_loss=0.5449 | val_macro_f1=0.7862 test_macro_f1=0.7695 | lr=1.25e-04 | 24.5s
2026-06-07 19:23:18,947 | INFO | Epoch 050 | train_loss=0.3208 val_loss=0.5633 test_loss=0.5673 | val_macro_f1=0.7838 test_macro_f1=0.7752 | lr=1.25e-04 | 24.6s
2026-06-07 19:23:18,965 | INFO | Training finished. Best val macro-F1: 0.7961 at epoch 41
2026-06-07 19:23:18,966 | INFO | Tuned thresholds: [0.8500000238418579, 0.4000000059604645, 0.15000000596046448, 0.20000000298023224]
2026-06-07 19:23:19,000 | INFO | Loaded best checkpoint from epoch 41
2026-06-07 19:23:21,009 | INFO | Final validation metrics: {'macro_f1': 0.7822250602085632, 'micro_f1': 0.8555905061481269, 'auroc_macro': 0.9558403491973877, 'auprc_macro': 0.8362905979156494, 'f1_Normal': 0.9339672477548864, 'f1_Anterior': 0.841091492776886, 'f1_Inferior': 0.764367816091954, 'f1_Lateral': 0.5894736842105263, 'auroc_Normal': 0.9752814769744873, 'auroc_Anterior': 0.9760928750038147, 'auroc_Inferior': 0.9451204538345337, 'auroc_Lateral': 0.9268664121627808, 'auprc_Normal': 0.9853827953338623, 'auprc_Anterior': 0.9009771347045898, 'auprc_Inferior': 0.8421415686607361, 'auprc_Lateral': 0.6166607737541199}
2026-06-07 19:23:21,010 | INFO | Final test metrics: {'macro_f1': 0.778486295174626, 'micro_f1': 0.8559931014659384, 'auroc_macro': 0.9608041048049927, 'auprc_macro': 0.8501089811325073, 'f1_Normal': 0.931735278791037, 'f1_Anterior': 0.8301282051282052, 'f1_Inferior': 0.7731343283582089, 'f1_Lateral': 0.5789473684210527, 'auroc_Normal': 0.9737281203269958, 'auroc_Anterior': 0.9750526547431946, 'auroc_Inferior': 0.9496078491210938, 'auroc_Lateral': 0.9448277354240417, 'auprc_Normal': 0.9838106036186218, 'auprc_Anterior': 0.9131726026535034, 'auprc_Inferior': 0.8462215662002563, 'auprc_Lateral': 0.6572314500808716}
2026-06-07 19:23:21,073 | INFO | Transfer-ready artifacts saved to /home/nugee/code-program/code-thesis/hibah/myocardial-infarction-localization/outputs/pretrain_alpanet_ptbxl/20260607_190207/transfer_ready
2026-06-07 19:23:22,660 | INFO | Transfer compatibility sanity check passed.
