2026-06-10 21:18:49,295 | INFO | ========================================================================================
2026-06-10 21:18:49,296 | INFO | ALPA-Net softmax transfer CV logger
2026-06-10 21:18:49,296 | INFO | Run started at: 2026-06-10 21:18:49
2026-06-10 21:18:49,297 | INFO | Output directory: /home/nugee/code-program/code-thesis/hibah/myocardial-infarction-localization/outputs/finetune_alpanet_transfer_cv/20260610_211849
2026-06-10 21:18:49,297 | INFO | Dataset directory: /home/nugee/code-program/code-thesis/hibah/myocardial-infarction-localization/dataset/ptb_diagnostic
2026-06-10 21:18:49,297 | INFO | Device: cuda
2026-06-10 21:18:49,297 | INFO | Strategies: ['no_pretrain', 'frozen_backbone', 'partial_finetune', 'full_finetune']
2026-06-10 21:18:49,298 | INFO | ========================================================================================
2026-06-10 21:18:49,326 | INFO | Using pretrained source: /home/nugee/code-program/code-thesis/hibah/myocardial-infarction-localization/outputs/pretrain_alpanet_ptbxl/20260610_211301
2026-06-10 21:18:49,479 | INFO | Loaded beat data train=(23905, 65, 12) val=(3416, 65, 12) test=(7277, 65, 12)
2026-06-10 21:18:49,481 | INFO | train class distribution: {'Normal': 7547, 'Anterior': 6148, 'Inferior': 9948, 'Lateral': 262}
2026-06-10 21:18:49,484 | INFO | val class distribution: {'Normal': 1079, 'Anterior': 878, 'Inferior': 1421, 'Lateral': 38}
2026-06-10 21:18:49,486 | INFO | test class distribution: {'Normal': 2032, 'Anterior': 1735, 'Inferior': 3349, 'Lateral': 161}
2026-06-10 21:18:49,496 | INFO | Loaded pretrain normalizer from transfer_ready.
2026-06-10 21:18:49,549 | INFO | ALPA-Net softmax model definition loaded.
2026-06-10 21:18:49,550 | INFO | ALPA-Net softmax model definition completed.
2026-06-10 21:18:49,634 | INFO | Sanity check started.
2026-06-10 21:18:49,804 | INFO | No pretrained weights loaded.
2026-06-10 21:18:49,804 | INFO | Parameters trainable=513493 total=513493 ratio=1.0000
2026-06-10 21:18:50,199 | INFO | Sanity passed strategy=no_pretrain loss=1.3807
2026-06-10 21:18:50,216 | INFO | Loaded pretrained backbone.
2026-06-10 21:18:50,217 | INFO | Parameters trainable=33924 total=513493 ratio=0.0661
2026-06-10 21:18:50,314 | INFO | Sanity passed strategy=frozen_backbone loss=1.3724
2026-06-10 21:18:50,330 | INFO | Loaded pretrained backbone.
2026-06-10 21:18:50,331 | INFO | Parameters trainable=449333 total=513493 ratio=0.8751
2026-06-10 21:18:50,429 | INFO | Sanity passed strategy=partial_finetune loss=1.3553
2026-06-10 21:18:50,449 | INFO | Loaded pretrained full model.
2026-06-10 21:18:50,450 | INFO | Parameters trainable=513493 total=513493 ratio=1.0000
2026-06-10 21:18:50,552 | INFO | Sanity passed strategy=full_finetune loss=0.6722
2026-06-10 21:18:50,564 | INFO | Strategy started: no_pretrain
2026-06-10 21:24:13,692 | INFO | Finished strategy=no_pretrain fold=1 status=OK
2026-06-10 21:29:46,434 | INFO | Finished strategy=no_pretrain fold=2 status=OK
