2026-06-07 20:59:03,686 | INFO | Loaded pretrained full model
2026-06-07 20:59:03,687 | INFO | Loaded weight checksum sample: 44.149082
2026-06-07 20:59:03,687 | INFO | parameters total=562,600 trainable=562,600 frozen=0 trainable_pct=100.00%
2026-06-07 20:59:03,808 | INFO | Sanity loss 1.4622
2026-06-07 20:59:04,864 | INFO | epoch=001 train_loss=1.1221 val_loss=1.1172 val_macro_f1=0.7815
2026-06-07 20:59:05,964 | INFO | epoch=002 train_loss=0.8645 val_loss=0.9553 val_macro_f1=0.8148
2026-06-07 20:59:07,070 | INFO | epoch=003 train_loss=0.7892 val_loss=0.9094 val_macro_f1=0.8043
2026-06-07 20:59:08,161 | INFO | epoch=004 train_loss=0.7219 val_loss=0.9032 val_macro_f1=0.8072
2026-06-07 20:59:09,253 | INFO | epoch=005 train_loss=0.6594 val_loss=0.8716 val_macro_f1=0.8273
2026-06-07 20:59:10,345 | INFO | epoch=006 train_loss=0.6547 val_loss=0.9070 val_macro_f1=0.8334
2026-06-07 20:59:11,423 | INFO | epoch=007 train_loss=0.6034 val_loss=0.9140 val_macro_f1=0.8340
2026-06-07 20:59:12,501 | INFO | epoch=008 train_loss=0.5814 val_loss=0.9561 val_macro_f1=0.8289
2026-06-07 20:59:13,562 | INFO | epoch=009 train_loss=0.5715 val_loss=0.9148 val_macro_f1=0.8372
2026-06-07 20:59:14,643 | INFO | epoch=010 train_loss=0.5621 val_loss=0.9603 val_macro_f1=0.8211
2026-06-07 20:59:15,709 | INFO | epoch=011 train_loss=0.5247 val_loss=0.9520 val_macro_f1=0.8080
2026-06-07 20:59:16,777 | INFO | epoch=012 train_loss=0.4866 val_loss=0.9638 val_macro_f1=0.8441
2026-06-07 20:59:17,868 | INFO | epoch=013 train_loss=0.4787 val_loss=1.0037 val_macro_f1=0.8265
2026-06-07 20:59:18,935 | INFO | epoch=014 train_loss=0.4875 val_loss=0.9806 val_macro_f1=0.8324
2026-06-07 20:59:20,002 | INFO | epoch=015 train_loss=0.4692 val_loss=0.9819 val_macro_f1=0.8308
2026-06-07 20:59:21,070 | INFO | epoch=016 train_loss=0.4441 val_loss=0.9775 val_macro_f1=0.8412
2026-06-07 20:59:22,149 | INFO | epoch=017 train_loss=0.4599 val_loss=1.0295 val_macro_f1=0.8225
2026-06-07 20:59:23,219 | INFO | epoch=018 train_loss=0.4369 val_loss=1.0408 val_macro_f1=0.8429
2026-06-07 20:59:24,285 | INFO | epoch=019 train_loss=0.4366 val_loss=1.0253 val_macro_f1=0.8442
2026-06-07 20:59:25,373 | INFO | epoch=020 train_loss=0.4225 val_loss=1.0155 val_macro_f1=0.8482
2026-06-07 20:59:26,454 | INFO | epoch=021 train_loss=0.4379 val_loss=1.0211 val_macro_f1=0.8476
2026-06-07 20:59:27,517 | INFO | epoch=022 train_loss=0.4225 val_loss=1.0205 val_macro_f1=0.8345
2026-06-07 20:59:28,589 | INFO | epoch=023 train_loss=0.4085 val_loss=1.0352 val_macro_f1=0.8480
2026-06-07 20:59:29,657 | INFO | epoch=024 train_loss=0.4003 val_loss=1.0457 val_macro_f1=0.8476
2026-06-07 20:59:30,728 | INFO | epoch=025 train_loss=0.4135 val_loss=1.0411 val_macro_f1=0.8511
2026-06-07 20:59:31,813 | INFO | epoch=026 train_loss=0.4076 val_loss=1.0380 val_macro_f1=0.8476
2026-06-07 20:59:32,885 | INFO | epoch=027 train_loss=0.4012 val_loss=1.0424 val_macro_f1=0.8476
2026-06-07 20:59:33,953 | INFO | epoch=028 train_loss=0.4098 val_loss=1.0413 val_macro_f1=0.8476
2026-06-07 20:59:35,013 | INFO | epoch=029 train_loss=0.3965 val_loss=1.0436 val_macro_f1=0.8476
2026-06-07 20:59:36,080 | INFO | epoch=030 train_loss=0.3987 val_loss=1.0423 val_macro_f1=0.8476
2026-06-07 20:59:37,157 | INFO | epoch=031 train_loss=0.4053 val_loss=1.0462 val_macro_f1=0.8476
2026-06-07 20:59:38,227 | INFO | epoch=032 train_loss=0.3989 val_loss=1.0543 val_macro_f1=0.8488
2026-06-07 20:59:39,297 | INFO | epoch=033 train_loss=0.3937 val_loss=1.0548 val_macro_f1=0.8540
2026-06-07 20:59:40,383 | INFO | epoch=034 train_loss=0.4024 val_loss=1.0605 val_macro_f1=0.8566
2026-06-07 20:59:41,465 | INFO | epoch=035 train_loss=0.4015 val_loss=1.0527 val_macro_f1=0.8540
2026-06-07 20:59:42,543 | INFO | epoch=036 train_loss=0.3956 val_loss=1.0552 val_macro_f1=0.8527
2026-06-07 20:59:43,610 | INFO | epoch=037 train_loss=0.3944 val_loss=1.0516 val_macro_f1=0.8527
2026-06-07 20:59:44,687 | INFO | epoch=038 train_loss=0.3885 val_loss=1.0573 val_macro_f1=0.8527
2026-06-07 20:59:45,754 | INFO | epoch=039 train_loss=0.3921 val_loss=1.0565 val_macro_f1=0.8527
2026-06-07 20:59:46,829 | INFO | epoch=040 train_loss=0.3893 val_loss=1.0553 val_macro_f1=0.8527
2026-06-07 20:59:47,897 | INFO | epoch=041 train_loss=0.4013 val_loss=1.0587 val_macro_f1=0.8476
2026-06-07 20:59:48,975 | INFO | epoch=042 train_loss=0.4029 val_loss=1.0551 val_macro_f1=0.8540
2026-06-07 20:59:50,049 | INFO | epoch=043 train_loss=0.3922 val_loss=1.0555 val_macro_f1=0.8540
2026-06-07 20:59:51,119 | INFO | epoch=044 train_loss=0.3823 val_loss=1.0551 val_macro_f1=0.8540
2026-06-07 20:59:52,191 | INFO | epoch=045 train_loss=0.3899 val_loss=1.0546 val_macro_f1=0.8540
2026-06-07 20:59:53,273 | INFO | epoch=046 train_loss=0.3905 val_loss=1.0567 val_macro_f1=0.8540
2026-06-07 20:59:54,344 | INFO | epoch=047 train_loss=0.3977 val_loss=1.0570 val_macro_f1=0.8540
2026-06-07 20:59:55,422 | INFO | epoch=048 train_loss=0.3848 val_loss=1.0571 val_macro_f1=0.8540
2026-06-07 20:59:56,495 | INFO | epoch=049 train_loss=0.4039 val_loss=1.0584 val_macro_f1=0.8540
2026-06-07 20:59:57,578 | INFO | epoch=050 train_loss=0.3921 val_loss=1.0555 val_macro_f1=0.8540
