2026-06-07 21:00:53,992 | INFO | Loaded pretrained backbone
2026-06-07 21:00:53,993 | INFO | Loaded weight checksum sample: 44.149082
2026-06-07 21:00:53,993 | INFO | parameters total=562,600 trainable=101,000 frozen=461,600 trainable_pct=17.95%
2026-06-07 21:00:54,104 | INFO | Sanity loss 1.6019
2026-06-07 21:00:54,825 | INFO | epoch=001 train_loss=1.2153 val_loss=1.1053 val_macro_f1=0.7379
2026-06-07 21:00:55,563 | INFO | epoch=002 train_loss=1.0000 val_loss=0.9869 val_macro_f1=0.7608
2026-06-07 21:00:56,304 | INFO | epoch=003 train_loss=0.9032 val_loss=0.9207 val_macro_f1=0.7773
2026-06-07 21:00:57,040 | INFO | epoch=004 train_loss=0.8613 val_loss=0.9219 val_macro_f1=0.7869
2026-06-07 21:00:57,767 | INFO | epoch=005 train_loss=0.8285 val_loss=0.9042 val_macro_f1=0.7928
2026-06-07 21:00:58,503 | INFO | epoch=006 train_loss=0.8077 val_loss=0.9182 val_macro_f1=0.8032
2026-06-07 21:00:59,234 | INFO | epoch=007 train_loss=0.7996 val_loss=0.9156 val_macro_f1=0.8033
2026-06-07 21:00:59,968 | INFO | epoch=008 train_loss=0.7813 val_loss=0.9339 val_macro_f1=0.8014
2026-06-07 21:01:00,690 | INFO | epoch=009 train_loss=0.7617 val_loss=0.9337 val_macro_f1=0.7843
2026-06-07 21:01:01,413 | INFO | epoch=010 train_loss=0.7472 val_loss=0.9454 val_macro_f1=0.7756
2026-06-07 21:01:02,138 | INFO | epoch=011 train_loss=0.7465 val_loss=0.9525 val_macro_f1=0.7785
2026-06-07 21:01:02,855 | INFO | epoch=012 train_loss=0.7258 val_loss=0.9461 val_macro_f1=0.7830
2026-06-07 21:01:03,574 | INFO | epoch=013 train_loss=0.7308 val_loss=0.9495 val_macro_f1=0.7820
2026-06-07 21:01:04,293 | INFO | epoch=014 train_loss=0.7103 val_loss=0.9724 val_macro_f1=0.7981
2026-06-07 21:01:05,012 | INFO | epoch=015 train_loss=0.7001 val_loss=0.9639 val_macro_f1=0.7898
2026-06-07 21:01:05,730 | INFO | epoch=016 train_loss=0.7100 val_loss=0.9622 val_macro_f1=0.7781
2026-06-07 21:01:06,448 | INFO | epoch=017 train_loss=0.6928 val_loss=0.9629 val_macro_f1=0.7828
2026-06-07 21:01:07,174 | INFO | epoch=018 train_loss=0.6923 val_loss=0.9809 val_macro_f1=0.7881
2026-06-07 21:01:07,898 | INFO | epoch=019 train_loss=0.7026 val_loss=0.9876 val_macro_f1=0.7813
2026-06-07 21:01:08,621 | INFO | epoch=020 train_loss=0.7011 val_loss=0.9895 val_macro_f1=0.7773
2026-06-07 21:01:09,346 | INFO | epoch=021 train_loss=0.6868 val_loss=0.9876 val_macro_f1=0.7867
2026-06-07 21:01:10,075 | INFO | epoch=022 train_loss=0.6865 val_loss=0.9878 val_macro_f1=0.7860
2026-06-07 21:01:10,800 | INFO | epoch=023 train_loss=0.6849 val_loss=0.9886 val_macro_f1=0.7826
2026-06-07 21:01:11,520 | INFO | epoch=024 train_loss=0.6758 val_loss=0.9935 val_macro_f1=0.7809
2026-06-07 21:01:12,247 | INFO | epoch=025 train_loss=0.6769 val_loss=0.9990 val_macro_f1=0.7824
2026-06-07 21:01:12,970 | INFO | epoch=026 train_loss=0.6613 val_loss=1.0033 val_macro_f1=0.7937
2026-06-07 21:01:13,689 | INFO | epoch=027 train_loss=0.6813 val_loss=1.0133 val_macro_f1=0.7860
2026-06-07 21:01:14,407 | INFO | epoch=028 train_loss=0.6657 val_loss=1.0188 val_macro_f1=0.7937
2026-06-07 21:01:15,130 | INFO | epoch=029 train_loss=0.6881 val_loss=1.0215 val_macro_f1=0.7864
2026-06-07 21:01:15,848 | INFO | epoch=030 train_loss=0.6753 val_loss=1.0218 val_macro_f1=0.7937
2026-06-07 21:01:16,568 | INFO | epoch=031 train_loss=0.6526 val_loss=1.0204 val_macro_f1=0.7903
2026-06-07 21:01:17,291 | INFO | epoch=032 train_loss=0.6674 val_loss=1.0201 val_macro_f1=0.7833
2026-06-07 21:01:18,011 | INFO | epoch=033 train_loss=0.6683 val_loss=1.0203 val_macro_f1=0.7886
2026-06-07 21:01:18,733 | INFO | epoch=034 train_loss=0.6491 val_loss=1.0213 val_macro_f1=0.7903
2026-06-07 21:01:19,459 | INFO | epoch=035 train_loss=0.6749 val_loss=1.0212 val_macro_f1=0.7833
2026-06-07 21:01:20,181 | INFO | epoch=036 train_loss=0.6734 val_loss=1.0207 val_macro_f1=0.7903
2026-06-07 21:01:20,903 | INFO | epoch=037 train_loss=0.6542 val_loss=1.0220 val_macro_f1=0.7903
2026-06-07 21:01:21,628 | INFO | epoch=038 train_loss=0.6711 val_loss=1.0249 val_macro_f1=0.7903
2026-06-07 21:01:22,353 | INFO | epoch=039 train_loss=0.6705 val_loss=1.0245 val_macro_f1=0.7816
2026-06-07 21:01:23,070 | INFO | epoch=040 train_loss=0.6553 val_loss=1.0242 val_macro_f1=0.7903
2026-06-07 21:01:23,796 | INFO | epoch=041 train_loss=0.6495 val_loss=1.0228 val_macro_f1=0.7833
2026-06-07 21:01:24,520 | INFO | epoch=042 train_loss=0.6583 val_loss=1.0228 val_macro_f1=0.7816
2026-06-07 21:01:25,241 | INFO | epoch=043 train_loss=0.6679 val_loss=1.0251 val_macro_f1=0.7816
2026-06-07 21:01:25,965 | INFO | epoch=044 train_loss=0.6598 val_loss=1.0268 val_macro_f1=0.7816
2026-06-07 21:01:26,686 | INFO | epoch=045 train_loss=0.6665 val_loss=1.0273 val_macro_f1=0.7816
2026-06-07 21:01:27,409 | INFO | epoch=046 train_loss=0.6760 val_loss=1.0270 val_macro_f1=0.7816
2026-06-07 21:01:28,135 | INFO | epoch=047 train_loss=0.6548 val_loss=1.0272 val_macro_f1=0.7750
2026-06-07 21:01:28,856 | INFO | epoch=048 train_loss=0.6663 val_loss=1.0262 val_macro_f1=0.7833
2026-06-07 21:01:29,579 | INFO | epoch=049 train_loss=0.6785 val_loss=1.0263 val_macro_f1=0.7816
2026-06-07 21:01:30,304 | INFO | epoch=050 train_loss=0.6566 val_loss=1.0254 val_macro_f1=0.7750
